Archive member included to satisfy reference by file (symbol)

/home/kbisland/Ac6/SystemWorkbench/plugins/fr.ac6.mcu.externaltools.arm-none.linux64_1.16.0.201807130628/tools/compiler/bin/../lib/gcc/arm-none-eabi/7.2.1/thumb/v7e-m/fpv4-sp/hard/libgcc.a(_aeabi_ldivmod.o)
                              Src/BMP280_driver-master/bmp280.o (__aeabi_ldivmod)
/home/kbisland/Ac6/SystemWorkbench/plugins/fr.ac6.mcu.externaltools.arm-none.linux64_1.16.0.201807130628/tools/compiler/bin/../lib/gcc/arm-none-eabi/7.2.1/thumb/v7e-m/fpv4-sp/hard/libgcc.a(_udivmoddi4.o)
                              /home/kbisland/Ac6/SystemWorkbench/plugins/fr.ac6.mcu.externaltools.arm-none.linux64_1.16.0.201807130628/tools/compiler/bin/../lib/gcc/arm-none-eabi/7.2.1/thumb/v7e-m/fpv4-sp/hard/libgcc.a(_aeabi_ldivmod.o) (__udivmoddi4)
/home/kbisland/Ac6/SystemWorkbench/plugins/fr.ac6.mcu.externaltools.arm-none.linux64_1.16.0.201807130628/tools/compiler/bin/../lib/gcc/arm-none-eabi/7.2.1/thumb/v7e-m/fpv4-sp/hard/libgcc.a(_dvmd_tls.o)
                              /home/kbisland/Ac6/SystemWorkbench/plugins/fr.ac6.mcu.externaltools.arm-none.linux64_1.16.0.201807130628/tools/compiler/bin/../lib/gcc/arm-none-eabi/7.2.1/thumb/v7e-m/fpv4-sp/hard/libgcc.a(_aeabi_ldivmod.o) (__aeabi_ldiv0)
/home/kbisland/Ac6/SystemWorkbench/plugins/fr.ac6.mcu.externaltools.arm-none.linux64_1.16.0.201807130628/tools/compiler/bin/../lib/gcc/arm-none-eabi/7.2.1/../../../../arm-none-eabi/lib/thumb/v7e-m/fpv4-sp/hard/libc_nano.a(lib_a-exit.o)
                              /home/kbisland/Ac6/SystemWorkbench/plugins/fr.ac6.mcu.externaltools.arm-none.linux64_1.16.0.201807130628/tools/compiler/bin/../lib/gcc/arm-none-eabi/7.2.1/../../../../arm-none-eabi/lib/thumb/v7e-m/fpv4-sp/hard/crt0.o (exit)
/home/kbisland/Ac6/SystemWorkbench/plugins/fr.ac6.mcu.externaltools.arm-none.linux64_1.16.0.201807130628/tools/compiler/bin/../lib/gcc/arm-none-eabi/7.2.1/../../../../arm-none-eabi/lib/thumb/v7e-m/fpv4-sp/hard/libc_nano.a(lib_a-impure.o)
                              /home/kbisland/Ac6/SystemWorkbench/plugins/fr.ac6.mcu.externaltools.arm-none.linux64_1.16.0.201807130628/tools/compiler/bin/../lib/gcc/arm-none-eabi/7.2.1/../../../../arm-none-eabi/lib/thumb/v7e-m/fpv4-sp/hard/libc_nano.a(lib_a-exit.o) (_global_impure_ptr)
/home/kbisland/Ac6/SystemWorkbench/plugins/fr.ac6.mcu.externaltools.arm-none.linux64_1.16.0.201807130628/tools/compiler/bin/../lib/gcc/arm-none-eabi/7.2.1/../../../../arm-none-eabi/lib/thumb/v7e-m/fpv4-sp/hard/libc_nano.a(lib_a-init.o)
                              /home/kbisland/Ac6/SystemWorkbench/plugins/fr.ac6.mcu.externaltools.arm-none.linux64_1.16.0.201807130628/tools/compiler/bin/../lib/gcc/arm-none-eabi/7.2.1/../../../../arm-none-eabi/lib/thumb/v7e-m/fpv4-sp/hard/crt0.o (__libc_init_array)
/home/kbisland/Ac6/SystemWorkbench/plugins/fr.ac6.mcu.externaltools.arm-none.linux64_1.16.0.201807130628/tools/compiler/bin/../lib/gcc/arm-none-eabi/7.2.1/../../../../arm-none-eabi/lib/thumb/v7e-m/fpv4-sp/hard/libc_nano.a(lib_a-memset.o)
                              /home/kbisland/Ac6/SystemWorkbench/plugins/fr.ac6.mcu.externaltools.arm-none.linux64_1.16.0.201807130628/tools/compiler/bin/../lib/gcc/arm-none-eabi/7.2.1/../../../../arm-none-eabi/lib/thumb/v7e-m/fpv4-sp/hard/crt0.o (memset)
/home/kbisland/Ac6/SystemWorkbench/plugins/fr.ac6.mcu.externaltools.arm-none.linux64_1.16.0.201807130628/tools/compiler/bin/../lib/gcc/arm-none-eabi/7.2.1/../../../../arm-none-eabi/lib/thumb/v7e-m/fpv4-sp/hard/libnosys.a(_exit.o)
                              /home/kbisland/Ac6/SystemWorkbench/plugins/fr.ac6.mcu.externaltools.arm-none.linux64_1.16.0.201807130628/tools/compiler/bin/../lib/gcc/arm-none-eabi/7.2.1/../../../../arm-none-eabi/lib/thumb/v7e-m/fpv4-sp/hard/libc_nano.a(lib_a-exit.o) (_exit)

Allocating common symbols
Common symbol       size              file

uwTick              0x4               Drivers/STM32L4xx_HAL_Driver/Src/stm32l4xx_hal.o
hspi1               0x64              Src/main.o
bmp280              0x2c              Src/BMP280_driver-master/bmp280_support.o

Discarded input sections

 .text          0x0000000000000000        0x0 /home/kbisland/Ac6/SystemWorkbench/plugins/fr.ac6.mcu.externaltools.arm-none.linux64_1.16.0.201807130628/tools/compiler/bin/../lib/gcc/arm-none-eabi/7.2.1/thumb/v7e-m/fpv4-sp/hard/crti.o
 .data          0x0000000000000000        0x0 /home/kbisland/Ac6/SystemWorkbench/plugins/fr.ac6.mcu.externaltools.arm-none.linux64_1.16.0.201807130628/tools/compiler/bin/../lib/gcc/arm-none-eabi/7.2.1/thumb/v7e-m/fpv4-sp/hard/crti.o
 .bss           0x0000000000000000        0x0 /home/kbisland/Ac6/SystemWorkbench/plugins/fr.ac6.mcu.externaltools.arm-none.linux64_1.16.0.201807130628/tools/compiler/bin/../lib/gcc/arm-none-eabi/7.2.1/thumb/v7e-m/fpv4-sp/hard/crti.o
[...]
Memory Configuration

Name             Origin             Length             Attributes
RAM              0x0000000020000000 0x0000000000010000 xrw
FLASH            0x0000000008000000 0x0000000000020000 xr
*default*        0x0000000000000000 0xffffffffffffffff

Linker script and memory map

LOAD /home/kbisland/Ac6/SystemWorkbench/plugins/fr.ac6.mcu.externaltools.arm-none.linux64_1.16.0.201807130628/tools/compiler/bin/../lib/gcc/arm-none-eabi/7.2.1/thumb/v7e-m/fpv4-sp/hard/crti.o
LOAD /home/kbisland/Ac6/SystemWorkbench/plugins/fr.ac6.mcu.externaltools.arm-none.linux64_1.16.0.201807130628/tools/compiler/bin/../lib/gcc/arm-none-eabi/7.2.1/thumb/v7e-m/fpv4-sp/hard/crtbegin.o
LOAD /home/kbisland/Ac6/SystemWorkbench/plugins/fr.ac6.mcu.externaltools.arm-none.linux64_1.16.0.201807130628/tools/compiler/bin/../lib/gcc/arm-none-eabi/7.2.1/../../../../arm-none-eabi/lib/thumb/v7e-m/fpv4-sp/hard/crt0.o
LOAD Drivers/STM32L4xx_HAL_Driver/Src/stm32l4xx_hal.o
LOAD Drivers/STM32L4xx_HAL_Driver/Src/stm32l4xx_hal_cortex.o
LOAD Drivers/STM32L4xx_HAL_Driver/Src/stm32l4xx_hal_dma.o
LOAD Drivers/STM32L4xx_HAL_Driver/Src/stm32l4xx_hal_dma_ex.o
LOAD Drivers/STM32L4xx_HAL_Driver/Src/stm32l4xx_hal_flash.o
LOAD Drivers/STM32L4xx_HAL_Driver/Src/stm32l4xx_hal_flash_ex.o
LOAD Drivers/STM32L4xx_HAL_Driver/Src/stm32l4xx_hal_flash_ramfunc.o
LOAD Drivers/STM32L4xx_HAL_Driver/Src/stm32l4xx_hal_gpio.o
LOAD Drivers/STM32L4xx_HAL_Driver/Src/stm32l4xx_hal_i2c.o
LOAD Drivers/STM32L4xx_HAL_Driver/Src/stm32l4xx_hal_i2c_ex.o
LOAD Drivers/STM32L4xx_HAL_Driver/Src/stm32l4xx_hal_pwr.o
LOAD Drivers/STM32L4xx_HAL_Driver/Src/stm32l4xx_hal_pwr_ex.o
LOAD Drivers/STM32L4xx_HAL_Driver/Src/stm32l4xx_hal_rcc.o
LOAD Drivers/STM32L4xx_HAL_Driver/Src/stm32l4xx_hal_rcc_ex.o
LOAD Drivers/STM32L4xx_HAL_Driver/Src/stm32l4xx_hal_spi.o
LOAD Drivers/STM32L4xx_HAL_Driver/Src/stm32l4xx_hal_spi_ex.o
LOAD Drivers/STM32L4xx_HAL_Driver/Src/stm32l4xx_hal_tim.o
LOAD Drivers/STM32L4xx_HAL_Driver/Src/stm32l4xx_hal_tim_ex.o
LOAD Src/BMP280_driver-master/bmp280.o
LOAD Src/BMP280_driver-master/bmp280_support.o
LOAD Src/bmp280_arm.o
LOAD Src/main.o
LOAD Src/stm32l4xx_hal_msp.o
LOAD Src/stm32l4xx_it.o
LOAD Src/stm32l4xx_ll_spi.o
LOAD Src/system_stm32l4xx.o
LOAD startup/startup_stm32l432xx.o
LOAD /home/kbisland/Ac6/SystemWorkbench/plugins/fr.ac6.mcu.externaltools.arm-none.linux64_1.16.0.201807130628/tools/compiler/bin/../lib/gcc/arm-none-eabi/7.2.1/../../../../arm-none-eabi/lib/thumb/v7e-m/fpv4-sp/hard/libstdc++_nano.a
LOAD /home/kbisland/Ac6/SystemWorkbench/plugins/fr.ac6.mcu.externaltools.arm-none.linux64_1.16.0.201807130628/tools/compiler/bin/../lib/gcc/arm-none-eabi/7.2.1/../../../../arm-none-eabi/lib/thumb/v7e-m/fpv4-sp/hard/libm.a
START GROUP
LOAD /home/kbisland/Ac6/SystemWorkbench/plugins/fr.ac6.mcu.externaltools.arm-none.linux64_1.16.0.201807130628/tools/compiler/bin/../lib/gcc/arm-none-eabi/7.2.1/thumb/v7e-m/fpv4-sp/hard/libgcc.a
LOAD /home/kbisland/Ac6/SystemWorkbench/plugins/fr.ac6.mcu.externaltools.arm-none.linux64_1.16.0.201807130628/tools/compiler/bin/../lib/gcc/arm-none-eabi/7.2.1/../../../../arm-none-eabi/lib/thumb/v7e-m/fpv4-sp/hard/libc_nano.a
END GROUP
START GROUP
LOAD /home/kbisland/Ac6/SystemWorkbench/plugins/fr.ac6.mcu.externaltools.arm-none.linux64_1.16.0.201807130628/tools/compiler/bin/../lib/gcc/arm-none-eabi/7.2.1/thumb/v7e-m/fpv4-sp/hard/libgcc.a
LOAD /home/kbisland/Ac6/SystemWorkbench/plugins/fr.ac6.mcu.externaltools.arm-none.linux64_1.16.0.201807130628/tools/compiler/bin/../lib/gcc/arm-none-eabi/7.2.1/../../../../arm-none-eabi/lib/thumb/v7e-m/fpv4-sp/hard/libc_nano.a
LOAD /home/kbisland/Ac6/SystemWorkbench/plugins/fr.ac6.mcu.externaltools.arm-none.linux64_1.16.0.201807130628/tools/compiler/bin/../lib/gcc/arm-none-eabi/7.2.1/../../../../arm-none-eabi/lib/thumb/v7e-m/fpv4-sp/hard/libnosys.a
END GROUP
START GROUP
LOAD /home/kbisland/Ac6/SystemWorkbench/plugins/fr.ac6.mcu.externaltools.arm-none.linux64_1.16.0.201807130628/tools/compiler/bin/../lib/gcc/arm-none-eabi/7.2.1/thumb/v7e-m/fpv4-sp/hard/libgcc.a
LOAD /home/kbisland/Ac6/SystemWorkbench/plugins/fr.ac6.mcu.externaltools.arm-none.linux64_1.16.0.201807130628/tools/compiler/bin/../lib/gcc/arm-none-eabi/7.2.1/../../../../arm-none-eabi/lib/thumb/v7e-m/fpv4-sp/hard/libc_nano.a
LOAD /home/kbisland/Ac6/SystemWorkbench/plugins/fr.ac6.mcu.externaltools.arm-none.linux64_1.16.0.201807130628/tools/compiler/bin/../lib/gcc/arm-none-eabi/7.2.1/../../../../arm-none-eabi/lib/thumb/v7e-m/fpv4-sp/hard/libnosys.a
END GROUP
LOAD /home/kbisland/Ac6/SystemWorkbench/plugins/fr.ac6.mcu.externaltools.arm-none.linux64_1.16.0.201807130628/tools/compiler/bin/../lib/gcc/arm-none-eabi/7.2.1/thumb/v7e-m/fpv4-sp/hard/crtend.o
LOAD /home/kbisland/Ac6/SystemWorkbench/plugins/fr.ac6.mcu.externaltools.arm-none.linux64_1.16.0.201807130628/tools/compiler/bin/../lib/gcc/arm-none-eabi/7.2.1/thumb/v7e-m/fpv4-sp/hard/crtn.o
                0x0000000020010000                _estack = 0x20010000
                0x0000000000000200                _Min_Heap_Size = 0x200
                0x0000000000000400                _Min_Stack_Size = 0x400

.isr_vector     0x0000000008000000      0x190
                0x0000000008000000                . = ALIGN (0x8)
 *(.isr_vector)
 .isr_vector    0x0000000008000000      0x18c startup/startup_stm32l432xx.o
                0x0000000008000000                g_pfnVectors
                0x0000000008000190                . = ALIGN (0x8)
 *fill*         0x000000000800018c        0x4 

.text           0x0000000008000190     0x1d70
                0x0000000008000190                . = ALIGN (0x8)
 *(.text)
 .text          0x0000000008000190       0x40 /home/kbisland/Ac6/SystemWorkbench/plugins/fr.ac6.mcu.externaltools.arm-none.linux64_1.16.0.201807130628/tools/compiler/bin/../lib/gcc/arm-none-eabi/7.2.1/thumb/v7e-m/fpv4-sp/hard/crtbegin.o
 *(.text*)
 .text.HAL_InitTick
                0x00000000080001d0       0x34 Drivers/STM32L4xx_HAL_Driver/Src/stm32l4xx_hal.o
                0x00000000080001d0                HAL_InitTick
 .text.HAL_Init
                0x0000000008000204       0x1e Drivers/STM32L4xx_HAL_Driver/Src/stm32l4xx_hal.o
                0x0000000008000204                HAL_Init
 *fill*         0x0000000008000222        0x2 
 .text.HAL_IncTick
                0x0000000008000224       0x10 Drivers/STM32L4xx_HAL_Driver/Src/stm32l4xx_hal.o
                0x0000000008000224                HAL_IncTick
 .text.HAL_GetTick
                0x0000000008000234        0xc Drivers/STM32L4xx_HAL_Driver/Src/stm32l4xx_hal.o
                0x0000000008000234                HAL_GetTick
 .text.HAL_Delay
                0x0000000008000240       0x1e Drivers/STM32L4xx_HAL_Driver/Src/stm32l4xx_hal.o
                0x0000000008000240                HAL_Delay
 *fill*         0x000000000800025e        0x2 
 .text.HAL_NVIC_SetPriorityGrouping
                0x0000000008000260       0x24 Drivers/STM32L4xx_HAL_Driver/Src/stm32l4xx_hal_cortex.o
                0x0000000008000260                HAL_NVIC_SetPriorityGrouping
 .text.HAL_NVIC_SetPriority
                0x0000000008000284       0x68 Drivers/STM32L4xx_HAL_Driver/Src/stm32l4xx_hal_cortex.o
                0x0000000008000284                HAL_NVIC_SetPriority
 .text.HAL_SYSTICK_Config
                0x00000000080002ec       0x2c Drivers/STM32L4xx_HAL_Driver/Src/stm32l4xx_hal_cortex.o
                0x00000000080002ec                HAL_SYSTICK_Config
 .text.HAL_SYSTICK_CLKSourceConfig
                0x0000000008000318       0x20 Drivers/STM32L4xx_HAL_Driver/Src/stm32l4xx_hal_cortex.o
                0x0000000008000318                HAL_SYSTICK_CLKSourceConfig
 .text.HAL_SYSTICK_Callback
                0x0000000008000338        0x2 Drivers/STM32L4xx_HAL_Driver/Src/stm32l4xx_hal_cortex.o
                0x0000000008000338                HAL_SYSTICK_Callback
 .text.HAL_SYSTICK_IRQHandler
                0x000000000800033a        0x8 Drivers/STM32L4xx_HAL_Driver/Src/stm32l4xx_hal_cortex.o
                0x000000000800033a                HAL_SYSTICK_IRQHandler
 *fill*         0x0000000008000342        0x2 
 .text.HAL_GPIO_Init
                0x0000000008000344      0x180 Drivers/STM32L4xx_HAL_Driver/Src/stm32l4xx_hal_gpio.o
                0x0000000008000344                HAL_GPIO_Init
 .text.HAL_GPIO_WritePin
                0x00000000080004c4        0xa Drivers/STM32L4xx_HAL_Driver/Src/stm32l4xx_hal_gpio.o
                0x00000000080004c4                HAL_GPIO_WritePin
 *fill*         0x00000000080004ce        0x2 
 .text.HAL_PWREx_GetVoltageRange
                0x00000000080004d0       0x10 Drivers/STM32L4xx_HAL_Driver/Src/stm32l4xx_hal_pwr_ex.o
                0x00000000080004d0                HAL_PWREx_GetVoltageRange
 .text.HAL_PWREx_ControlVoltageScaling
                0x00000000080004e0       0x90 Drivers/STM32L4xx_HAL_Driver/Src/stm32l4xx_hal_pwr_ex.o
                0x00000000080004e0                HAL_PWREx_ControlVoltageScaling
 .text.RCC_SetFlashLatencyFromMSIRange
                0x0000000008000570       0x90 Drivers/STM32L4xx_HAL_Driver/Src/stm32l4xx_hal_rcc.o
 .text.HAL_RCC_GetSysClockFreq
                0x0000000008000600       0xd8 Drivers/STM32L4xx_HAL_Driver/Src/stm32l4xx_hal_rcc.o
                0x0000000008000600                HAL_RCC_GetSysClockFreq
 .text.HAL_RCC_OscConfig
                0x00000000080006d8      0x5b4 Drivers/STM32L4xx_HAL_Driver/Src/stm32l4xx_hal_rcc.o
                0x00000000080006d8                HAL_RCC_OscConfig
 .text.HAL_RCC_ClockConfig
                0x0000000008000c8c      0x154 Drivers/STM32L4xx_HAL_Driver/Src/stm32l4xx_hal_rcc.o
                0x0000000008000c8c                HAL_RCC_ClockConfig
 .text.HAL_RCC_GetHCLKFreq
                0x0000000008000de0        0xc Drivers/STM32L4xx_HAL_Driver/Src/stm32l4xx_hal_rcc.o
                0x0000000008000de0                HAL_RCC_GetHCLKFreq
 .text.SPI_WaitFlagStateUntilTimeout
                0x0000000008000dec       0x90 Drivers/STM32L4xx_HAL_Driver/Src/stm32l4xx_hal_spi.o
 .text.SPI_WaitFifoStateUntilTimeout
                0x0000000008000e7c       0x98 Drivers/STM32L4xx_HAL_Driver/Src/stm32l4xx_hal_spi.o
 .text.SPI_EndRxTxTransaction
                0x0000000008000f14       0x66 Drivers/STM32L4xx_HAL_Driver/Src/stm32l4xx_hal_spi.o
 .text.SPI_EndRxTransaction
                0x0000000008000f7a       0x88 Drivers/STM32L4xx_HAL_Driver/Src/stm32l4xx_hal_spi.o
 .text.HAL_SPI_Init
                0x0000000008001002       0xb0 Drivers/STM32L4xx_HAL_Driver/Src/stm32l4xx_hal_spi.o
                0x0000000008001002                HAL_SPI_Init
 .text.HAL_SPI_Transmit
                0x00000000080010b2      0x1c6 Drivers/STM32L4xx_HAL_Driver/Src/stm32l4xx_hal_spi.o
                0x00000000080010b2                HAL_SPI_Transmit
 .text.HAL_SPI_TransmitReceive
                0x0000000008001278      0x2ac Drivers/STM32L4xx_HAL_Driver/Src/stm32l4xx_hal_spi.o
                0x0000000008001278                HAL_SPI_TransmitReceive
 .text.HAL_SPI_Receive
                0x0000000008001524      0x194 Drivers/STM32L4xx_HAL_Driver/Src/stm32l4xx_hal_spi.o
                0x0000000008001524                HAL_SPI_Receive
 .text.bmp280_get_calib_param
                0x00000000080016b8       0xe0 Src/BMP280_driver-master/bmp280.o
                0x00000000080016b8                bmp280_get_calib_param
 .text.bmp280_init
                0x0000000008001798       0x60 Src/BMP280_driver-master/bmp280.o
                0x0000000008001798                bmp280_init
 .text.bmp280_set_power_mode
                0x00000000080017f8       0x4c Src/BMP280_driver-master/bmp280.o
                0x00000000080017f8                bmp280_set_power_mode
 .text.bmp280_set_soft_rst
                0x0000000008001844       0x2c Src/BMP280_driver-master/bmp280.o
                0x0000000008001844                bmp280_set_soft_rst
 .text.bmp280_set_filter
                0x0000000008001870       0x60 Src/BMP280_driver-master/bmp280.o
                0x0000000008001870                bmp280_set_filter
 .text.bmp280_set_standby_durn
                0x00000000080018d0       0x5c Src/BMP280_driver-master/bmp280.o
                0x00000000080018d0                bmp280_set_standby_durn
 .text.bmp280_set_work_mode
                0x000000000800192c       0xc8 Src/BMP280_driver-master/bmp280.o
                0x000000000800192c                bmp280_set_work_mode
 .text.BMP280_SPI_bus_write
                0x00000000080019f4       0x78 Src/bmp280_arm.o
 .text.BMP280_SPI_bus_read
                0x0000000008001a6c       0x60 Src/bmp280_arm.o
 .text.BMP280_Begin
                0x0000000008001acc       0x60 Src/bmp280_arm.o
                0x0000000008001acc                BMP280_Begin
 .text.BMP280_ReadPressure
                0x0000000008001b2c       0x44 Src/bmp280_arm.o
                0x0000000008001b2c                BMP280_ReadPressure
 .text.MX_GPIO_Init
                0x0000000008001b70       0x48 Src/main.o
 .text._Error_Handler
                0x0000000008001bb8        0x2 Src/main.o
                0x0000000008001bb8                _Error_Handler
 *fill*         0x0000000008001bba        0x2 
 .text.MX_SPI1_Init
                0x0000000008001bbc       0x4c Src/main.o
 .text.SystemClock_Config
                0x0000000008001c08       0x9c Src/main.o
                0x0000000008001c08                SystemClock_Config
 .text.main     0x0000000008001ca4       0x64 Src/main.o
                0x0000000008001ca4                main
 .text.HAL_MspInit
                0x0000000008001d08       0x90 Src/stm32l4xx_hal_msp.o
                0x0000000008001d08                HAL_MspInit
 .text.HAL_SPI_MspInit
                0x0000000008001d98       0x4c Src/stm32l4xx_hal_msp.o
                0x0000000008001d98                HAL_SPI_MspInit
 .text.NMI_Handler
                0x0000000008001de4        0x2 Src/stm32l4xx_it.o
                0x0000000008001de4                NMI_Handler
 .text.HardFault_Handler
                0x0000000008001de6        0x2 Src/stm32l4xx_it.o
                0x0000000008001de6                HardFault_Handler
 .text.MemManage_Handler
                0x0000000008001de8        0x2 Src/stm32l4xx_it.o
                0x0000000008001de8                MemManage_Handler
 .text.BusFault_Handler
                0x0000000008001dea        0x2 Src/stm32l4xx_it.o
                0x0000000008001dea                BusFault_Handler
 .text.UsageFault_Handler
                0x0000000008001dec        0x2 Src/stm32l4xx_it.o
                0x0000000008001dec                UsageFault_Handler
 .text.SVC_Handler
                0x0000000008001dee        0x2 Src/stm32l4xx_it.o
                0x0000000008001dee                SVC_Handler
 .text.DebugMon_Handler
                0x0000000008001df0        0x2 Src/stm32l4xx_it.o
                0x0000000008001df0                DebugMon_Handler
 .text.PendSV_Handler
                0x0000000008001df2        0x2 Src/stm32l4xx_it.o
                0x0000000008001df2                PendSV_Handler
 .text.SysTick_Handler
                0x0000000008001df4        0xc Src/stm32l4xx_it.o
                0x0000000008001df4                SysTick_Handler
 .text.SystemInit
                0x0000000008001e00       0x48 Src/system_stm32l4xx.o
                0x0000000008001e00                SystemInit
 .text.Reset_Handler
                0x0000000008001e48       0x50 startup/startup_stm32l432xx.o
                0x0000000008001e48                Reset_Handler
 .text.Default_Handler
                0x0000000008001e98        0x2 startup/startup_stm32l432xx.o
                0x0000000008001e98                RTC_Alarm_IRQHandler
                0x0000000008001e98                EXTI2_IRQHandler
                0x0000000008001e98                TIM1_CC_IRQHandler
                0x0000000008001e98                TSC_IRQHandler
                0x0000000008001e98                TAMP_STAMP_IRQHandler
                0x0000000008001e98                EXTI3_IRQHandler
                0x0000000008001e98                LPTIM2_IRQHandler
                0x0000000008001e98                I2C3_ER_IRQHandler
                0x0000000008001e98                EXTI0_IRQHandler
                0x0000000008001e98                CAN1_RX0_IRQHandler
                0x0000000008001e98                FPU_IRQHandler
                0x0000000008001e98                TIM1_UP_TIM16_IRQHandler
                0x0000000008001e98                SPI1_IRQHandler
                0x0000000008001e98                TIM6_DAC_IRQHandler
                0x0000000008001e98                DMA2_Channel2_IRQHandler
                0x0000000008001e98                DMA1_Channel4_IRQHandler
                0x0000000008001e98                ADC1_IRQHandler
                0x0000000008001e98                DMA1_Channel7_IRQHandler
                0x0000000008001e98                CAN1_RX1_IRQHandler
                0x0000000008001e98                DMA2_Channel1_IRQHandler
                0x0000000008001e98                QUADSPI_IRQHandler
                0x0000000008001e98                I2C1_EV_IRQHandler
                0x0000000008001e98                DMA1_Channel6_IRQHandler
                0x0000000008001e98                DMA2_Channel4_IRQHandler
                0x0000000008001e98                RCC_IRQHandler
                0x0000000008001e98                TIM1_TRG_COM_IRQHandler
                0x0000000008001e98                DMA1_Channel1_IRQHandler
                0x0000000008001e98                Default_Handler
                0x0000000008001e98                DMA2_Channel7_IRQHandler
                0x0000000008001e98                EXTI15_10_IRQHandler
                0x0000000008001e98                TIM7_IRQHandler
                0x0000000008001e98                I2C3_EV_IRQHandler
                0x0000000008001e98                USB_IRQHandler
                0x0000000008001e98                EXTI9_5_IRQHandler
                0x0000000008001e98                RTC_WKUP_IRQHandler
                0x0000000008001e98                PVD_PVM_IRQHandler
                0x0000000008001e98                CAN1_TX_IRQHandler
                0x0000000008001e98                DMA2_Channel5_IRQHandler
                0x0000000008001e98                CRS_IRQHandler
                0x0000000008001e98                DMA1_Channel5_IRQHandler
                0x0000000008001e98                EXTI4_IRQHandler
                0x0000000008001e98                RNG_IRQHandler
                0x0000000008001e98                DMA1_Channel3_IRQHandler
                0x0000000008001e98                COMP_IRQHandler
                0x0000000008001e98                WWDG_IRQHandler
                0x0000000008001e98                LPUART1_IRQHandler
                0x0000000008001e98                DMA2_Channel6_IRQHandler
                0x0000000008001e98                TIM2_IRQHandler
                0x0000000008001e98                EXTI1_IRQHandler
                0x0000000008001e98                USART2_IRQHandler
                0x0000000008001e98                DMA1_Channel2_IRQHandler
                0x0000000008001e98                CAN1_SCE_IRQHandler
                0x0000000008001e98                FLASH_IRQHandler
                0x0000000008001e98                USART1_IRQHandler
                0x0000000008001e98                SPI3_IRQHandler
                0x0000000008001e98                I2C1_ER_IRQHandler
                0x0000000008001e98                SWPMI1_IRQHandler
                0x0000000008001e98                LPTIM1_IRQHandler
                0x0000000008001e98                SAI1_IRQHandler
                0x0000000008001e98                DMA2_Channel3_IRQHandler
                0x0000000008001e98                TIM1_BRK_TIM15_IRQHandler
 *fill*         0x0000000008001e9a        0x2 
 .text.__libc_init_array
                0x0000000008001e9c       0x48 /home/kbisland/Ac6/SystemWorkbench/plugins/fr.ac6.mcu.externaltools.arm-none.linux64_1.16.0.201807130628/tools/compiler/bin/../lib/gcc/arm-none-eabi/7.2.1/../../../../arm-none-eabi/lib/thumb/v7e-m/fpv4-sp/hard/libc_nano.a(lib_a-init.o)
                0x0000000008001e9c                __libc_init_array
 *(.glue_7)
 .glue_7        0x0000000008001ee4        0x0 linker stubs
 *(.glue_7t)
 .glue_7t       0x0000000008001ee4        0x0 linker stubs
 *(.eh_frame)
 .eh_frame      0x0000000008001ee4        0x0 /home/kbisland/Ac6/SystemWorkbench/plugins/fr.ac6.mcu.externaltools.arm-none.linux64_1.16.0.201807130628/tools/compiler/bin/../lib/gcc/arm-none-eabi/7.2.1/thumb/v7e-m/fpv4-sp/hard/crtbegin.o
 *(.init)
 .init          0x0000000008001ee4        0x4 /home/kbisland/Ac6/SystemWorkbench/plugins/fr.ac6.mcu.externaltools.arm-none.linux64_1.16.0.201807130628/tools/compiler/bin/../lib/gcc/arm-none-eabi/7.2.1/thumb/v7e-m/fpv4-sp/hard/crti.o
                0x0000000008001ee4                _init
 .init          0x0000000008001ee8        0x8 /home/kbisland/Ac6/SystemWorkbench/plugins/fr.ac6.mcu.externaltools.arm-none.linux64_1.16.0.201807130628/tools/compiler/bin/../lib/gcc/arm-none-eabi/7.2.1/thumb/v7e-m/fpv4-sp/hard/crtn.o
 *(.fini)
 .fini          0x0000000008001ef0        0x4 /home/kbisland/Ac6/SystemWorkbench/plugins/fr.ac6.mcu.externaltools.arm-none.linux64_1.16.0.201807130628/tools/compiler/bin/../lib/gcc/arm-none-eabi/7.2.1/thumb/v7e-m/fpv4-sp/hard/crti.o
                0x0000000008001ef0                _fini
 .fini          0x0000000008001ef4        0x8 /home/kbisland/Ac6/SystemWorkbench/plugins/fr.ac6.mcu.externaltools.arm-none.linux64_1.16.0.201807130628/tools/compiler/bin/../lib/gcc/arm-none-eabi/7.2.1/thumb/v7e-m/fpv4-sp/hard/crtn.o
                0x0000000008001f00                . = ALIGN (0x8)
 *fill*         0x0000000008001efc        0x4 
                0x0000000008001f00                _etext = .

.vfp11_veneer   0x0000000008001f00        0x0
 .vfp11_veneer  0x0000000008001f00        0x0 linker stubs

.v4_bx          0x0000000008001f00        0x0
 .v4_bx         0x0000000008001f00        0x0 linker stubs

.iplt           0x0000000008001f00        0x0
 .iplt          0x0000000008001f00        0x0 /home/kbisland/Ac6/SystemWorkbench/plugins/fr.ac6.mcu.externaltools.arm-none.linux64_1.16.0.201807130628/tools/compiler/bin/../lib/gcc/arm-none-eabi/7.2.1/thumb/v7e-m/fpv4-sp/hard/crtbegin.o

.rodata         0x0000000008001f00       0x68
                0x0000000008001f00                . = ALIGN (0x8)
 *(.rodata)
 .rodata        0x0000000008001f00        0xa Src/bmp280_arm.o
 *fill*         0x0000000008001f0a        0x2 
 .rodata        0x0000000008001f0c       0x48 Src/system_stm32l4xx.o
                0x0000000008001f0c                MSIRangeTable
                0x0000000008001f3c                AHBPrescTable
                0x0000000008001f4c                APBPrescTable
 *(.rodata*)
 .rodata.str1.4
                0x0000000008001f54       0x10 Src/main.o
                                          0xe (size before relaxing)
                0x0000000008001f68                . = ALIGN (0x8)
 *fill*         0x0000000008001f64        0x4 

.rel.dyn        0x0000000008001f68        0x0
 .rel.iplt      0x0000000008001f68        0x0 /home/kbisland/Ac6/SystemWorkbench/plugins/fr.ac6.mcu.externaltools.arm-none.linux64_1.16.0.201807130628/tools/compiler/bin/../lib/gcc/arm-none-eabi/7.2.1/thumb/v7e-m/fpv4-sp/hard/crtbegin.o

.ARM.extab      0x0000000008001f68        0x0
                0x0000000008001f68                . = ALIGN (0x8)
 *(.ARM.extab* .gnu.linkonce.armextab.*)
                0x0000000008001f68                . = ALIGN (0x8)

.ARM            0x0000000008001f68        0x0
                0x0000000008001f68                . = ALIGN (0x8)
                0x0000000008001f68                __exidx_start = .
 *(.ARM.exidx*)
                0x0000000008001f68                __exidx_end = .
                0x0000000008001f68                . = ALIGN (0x8)

.preinit_array  0x0000000008001f68        0x0
                0x0000000008001f68                . = ALIGN (0x8)
                0x0000000008001f68                PROVIDE (__preinit_array_start, .)
 *(.preinit_array*)
                0x0000000008001f68                PROVIDE (__preinit_array_end, .)
                0x0000000008001f68                . = ALIGN (0x8)

.init_array     0x0000000008001f68        0x8
                0x0000000008001f68                . = ALIGN (0x8)
                0x0000000008001f68                PROVIDE (__init_array_start, .)
 *(SORT_BY_NAME(.init_array.*))
 *(.init_array*)
 .init_array    0x0000000008001f68        0x4 /home/kbisland/Ac6/SystemWorkbench/plugins/fr.ac6.mcu.externaltools.arm-none.linux64_1.16.0.201807130628/tools/compiler/bin/../lib/gcc/arm-none-eabi/7.2.1/thumb/v7e-m/fpv4-sp/hard/crtbegin.o
                0x0000000008001f6c                PROVIDE (__init_array_end, .)
                0x0000000008001f70                . = ALIGN (0x8)
 *fill*         0x0000000008001f6c        0x4 

.fini_array     0x0000000008001f70        0x8
                0x0000000008001f70                . = ALIGN (0x8)
                [!provide]                        PROVIDE (__fini_array_start, .)
 *(SORT_BY_NAME(.fini_array.*))
 *(.fini_array*)
 .fini_array    0x0000000008001f70        0x4 /home/kbisland/Ac6/SystemWorkbench/plugins/fr.ac6.mcu.externaltools.arm-none.linux64_1.16.0.201807130628/tools/compiler/bin/../lib/gcc/arm-none-eabi/7.2.1/thumb/v7e-m/fpv4-sp/hard/crtbegin.o
                [!provide]                        PROVIDE (__fini_array_end, .)
                0x0000000008001f78                . = ALIGN (0x8)
 *fill*         0x0000000008001f74        0x4 
                0x0000000008001f78                _sidata = LOADADDR (.data)

.data           0x0000000020000000        0x8 load address 0x0000000008001f78
                0x0000000020000000                . = ALIGN (0x8)
                0x0000000020000000                _sdata = .
 *(.data)
 .data          0x0000000020000000        0x4 Src/system_stm32l4xx.o
                0x0000000020000000                SystemCoreClock
 *(.data*)
                0x0000000020000008                . = ALIGN (0x8)
 *fill*         0x0000000020000004        0x4 
                0x0000000020000008                _edata = .

.igot.plt       0x0000000020000008        0x0 load address 0x0000000008001f80
 .igot.plt      0x0000000020000008        0x0 /home/kbisland/Ac6/SystemWorkbench/plugins/fr.ac6.mcu.externaltools.arm-none.linux64_1.16.0.201807130628/tools/compiler/bin/../lib/gcc/arm-none-eabi/7.2.1/thumb/v7e-m/fpv4-sp/hard/crtbegin.o
                0x0000000020000008                . = ALIGN (0x4)

.bss            0x0000000020000008       0xb8 load address 0x0000000008001f80
                0x0000000020000008                _sbss = .
                0x0000000020000008                __bss_start__ = _sbss
 *(.bss)
 .bss           0x0000000020000008       0x1c /home/kbisland/Ac6/SystemWorkbench/plugins/fr.ac6.mcu.externaltools.arm-none.linux64_1.16.0.201807130628/tools/compiler/bin/../lib/gcc/arm-none-eabi/7.2.1/thumb/v7e-m/fpv4-sp/hard/crtbegin.o
 .bss           0x0000000020000024        0x4 Src/BMP280_driver-master/bmp280.o
 .bss           0x0000000020000028        0x4 Src/main.o
                0x0000000020000028                x
 *(.bss*)
 *(COMMON)
 COMMON         0x000000002000002c        0x4 Drivers/STM32L4xx_HAL_Driver/Src/stm32l4xx_hal.o
                0x000000002000002c                uwTick
 COMMON         0x0000000020000030       0x2c Src/BMP280_driver-master/bmp280_support.o
                0x0000000020000030                bmp280
 COMMON         0x000000002000005c       0x64 Src/main.o
                0x000000002000005c                hspi1
                0x00000000200000c0                . = ALIGN (0x4)
                0x00000000200000c0                _ebss = .
                0x00000000200000c0                __bss_end__ = _ebss

._user_heap_stack
                0x00000000200000c0      0x600 load address 0x0000000008001f80
                0x00000000200000c0                . = ALIGN (0x8)
                [!provide]                        PROVIDE (end, .)
                [!provide]                        PROVIDE (_end, .)
                0x00000000200002c0                . = (. + _Min_Heap_Size)
 *fill*         0x00000000200000c0      0x200 
                0x00000000200006c0                . = (. + _Min_Stack_Size)
 *fill*         0x00000000200002c0      0x400 
                0x00000000200006c0                . = ALIGN (0x8)

/DISCARD/
 libc.a(*)
 libm.a(*)
 libgcc.a(*)

.ARM.attributes
                0x0000000000000000       0x30
 *(.ARM.attributes)
 .ARM.attributes
                0x0000000000000000       0x22 /home/kbisland/Ac6/SystemWorkbench/plugins/fr.ac6.mcu.externaltools.arm-none.linux64_1.16.0.201807130628/tools/compiler/bin/../lib/gcc/arm-none-eabi/7.2.1/thumb/v7e-m/fpv4-sp/hard/crti.o
 .ARM.attributes
                0x0000000000000022       0x34 /home/kbisland/Ac6/SystemWorkbench/plugins/fr.ac6.mcu.externaltools.arm-none.linux64_1.16.0.201807130628/tools/compiler/bin/../lib/gcc/arm-none-eabi/7.2.1/thumb/v7e-m/fpv4-sp/hard/crtbegin.o
 .ARM.attributes
                0x0000000000000056       0x39 Drivers/STM32L4xx_HAL_Driver/Src/stm32l4xx_hal.o
 .ARM.attributes
                0x000000000000008f       0x39 Drivers/STM32L4xx_HAL_Driver/Src/stm32l4xx_hal_cortex.o
 .ARM.attributes
                0x00000000000000c8       0x39 Drivers/STM32L4xx_HAL_Driver/Src/stm32l4xx_hal_gpio.o
 .ARM.attributes
                0x0000000000000101       0x39 Drivers/STM32L4xx_HAL_Driver/Src/stm32l4xx_hal_pwr_ex.o
 .ARM.attributes
                0x000000000000013a       0x39 Drivers/STM32L4xx_HAL_Driver/Src/stm32l4xx_hal_rcc.o
 .ARM.attributes
                0x0000000000000173       0x39 Drivers/STM32L4xx_HAL_Driver/Src/stm32l4xx_hal_spi.o
 .ARM.attributes
                0x00000000000001ac       0x39 Src/BMP280_driver-master/bmp280.o
 .ARM.attributes
                0x00000000000001e5       0x39 Src/BMP280_driver-master/bmp280_support.o
 .ARM.attributes
                0x000000000000021e       0x39 Src/bmp280_arm.o
 .ARM.attributes
                0x0000000000000257       0x39 Src/main.o
 .ARM.attributes
                0x0000000000000290       0x39 Src/stm32l4xx_hal_msp.o
 .ARM.attributes
                0x00000000000002c9       0x39 Src/stm32l4xx_it.o
 .ARM.attributes
                0x0000000000000302       0x39 Src/system_stm32l4xx.o
 .ARM.attributes
                0x000000000000033b       0x21 startup/startup_stm32l432xx.o
 .ARM.attributes
                0x000000000000035c       0x34 /home/kbisland/Ac6/SystemWorkbench/plugins/fr.ac6.mcu.externaltools.arm-none.linux64_1.16.0.201807130628/tools/compiler/bin/../lib/gcc/arm-none-eabi/7.2.1/../../../../arm-none-eabi/lib/thumb/v7e-m/fpv4-sp/hard/libc_nano.a(lib_a-init.o)
 .ARM.attributes
                0x0000000000000390       0x22 /home/kbisland/Ac6/SystemWorkbench/plugins/fr.ac6.mcu.externaltools.arm-none.linux64_1.16.0.201807130628/tools/compiler/bin/../lib/gcc/arm-none-eabi/7.2.1/thumb/v7e-m/fpv4-sp/hard/crtn.o
OUTPUT(FootSensor.elf elf32-littlearm)

.debug_info     0x0000000000000000     0xa236
 .debug_info    0x0000000000000000      0x982 Drivers/STM32L4xx_HAL_Driver/Src/stm32l4xx_hal.o
 .debug_info    0x0000000000000982      0xef0 Drivers/STM32L4xx_HAL_Driver/Src/stm32l4xx_hal_cortex.o
 .debug_info    0x0000000000001872      0x85c Drivers/STM32L4xx_HAL_Driver/Src/stm32l4xx_hal_gpio.o
 .debug_info    0x00000000000020ce      0xa46 Drivers/STM32L4xx_HAL_Driver/Src/stm32l4xx_hal_pwr_ex.o
 .debug_info    0x0000000000002b14      0xde8 Drivers/STM32L4xx_HAL_Driver/Src/stm32l4xx_hal_rcc.o
 .debug_info    0x00000000000038fc     0x1de1 Drivers/STM32L4xx_HAL_Driver/Src/stm32l4xx_hal_spi.o
 .debug_info    0x00000000000056dd      0xe9b Src/BMP280_driver-master/bmp280.o
 .debug_info    0x0000000000006578      0x8e9 Src/BMP280_driver-master/bmp280_support.o
 .debug_info    0x0000000000006e61      0xeaa Src/bmp280_arm.o
 .debug_info    0x0000000000007d0b     0x1068 Src/main.o
 .debug_info    0x0000000000008d73      0xcaf Src/stm32l4xx_hal_msp.o
 .debug_info    0x0000000000009a22      0x218 Src/stm32l4xx_it.o
 .debug_info    0x0000000000009c3a      0x5da Src/system_stm32l4xx.o
 .debug_info    0x000000000000a214       0x22 startup/startup_stm32l432xx.o

.debug_abbrev   0x0000000000000000     0x199f
 .debug_abbrev  0x0000000000000000      0x1fc Drivers/STM32L4xx_HAL_Driver/Src/stm32l4xx_hal.o
 .debug_abbrev  0x00000000000001fc      0x2fa Drivers/STM32L4xx_HAL_Driver/Src/stm32l4xx_hal_cortex.o
 .debug_abbrev  0x00000000000004f6      0x1de Drivers/STM32L4xx_HAL_Driver/Src/stm32l4xx_hal_gpio.o
 .debug_abbrev  0x00000000000006d4      0x1fc Drivers/STM32L4xx_HAL_Driver/Src/stm32l4xx_hal_pwr_ex.o
 .debug_abbrev  0x00000000000008d0      0x22c Drivers/STM32L4xx_HAL_Driver/Src/stm32l4xx_hal_rcc.o
 .debug_abbrev  0x0000000000000afc      0x238 Drivers/STM32L4xx_HAL_Driver/Src/stm32l4xx_hal_spi.o
 .debug_abbrev  0x0000000000000d34      0x1c6 Src/BMP280_driver-master/bmp280.o
 .debug_abbrev  0x0000000000000efa      0x239 Src/BMP280_driver-master/bmp280_support.o
 .debug_abbrev  0x0000000000001133      0x23d Src/bmp280_arm.o
 .debug_abbrev  0x0000000000001370      0x276 Src/main.o
 .debug_abbrev  0x00000000000015e6      0x1a9 Src/stm32l4xx_hal_msp.o
 .debug_abbrev  0x000000000000178f       0xca Src/stm32l4xx_it.o
 .debug_abbrev  0x0000000000001859      0x134 Src/system_stm32l4xx.o
 .debug_abbrev  0x000000000000198d       0x12 startup/startup_stm32l432xx.o

.debug_loc      0x0000000000000000     0x4c4b
 .debug_loc     0x0000000000000000       0xbe Drivers/STM32L4xx_HAL_Driver/Src/stm32l4xx_hal.o
 .debug_loc     0x00000000000000be      0x5ce Drivers/STM32L4xx_HAL_Driver/Src/stm32l4xx_hal_cortex.o
 .debug_loc     0x000000000000068c      0x353 Drivers/STM32L4xx_HAL_Driver/Src/stm32l4xx_hal_gpio.o
 .debug_loc     0x00000000000009df      0x5dc Drivers/STM32L4xx_HAL_Driver/Src/stm32l4xx_hal_pwr_ex.o
 .debug_loc     0x0000000000000fbb      0x624 Drivers/STM32L4xx_HAL_Driver/Src/stm32l4xx_hal_rcc.o
 .debug_loc     0x00000000000015df     0x1a9a Drivers/STM32L4xx_HAL_Driver/Src/stm32l4xx_hal_spi.o
 .debug_loc     0x0000000000003079     0x1034 Src/BMP280_driver-master/bmp280.o
 .debug_loc     0x00000000000040ad      0x40b Src/BMP280_driver-master/bmp280_support.o
 .debug_loc     0x00000000000044b8      0x580 Src/bmp280_arm.o
 .debug_loc     0x0000000000004a38       0x5b Src/stm32l4xx_hal_msp.o
 .debug_loc     0x0000000000004a93      0x1b8 Src/system_stm32l4xx.o

.debug_aranges  0x0000000000000000      0x818
 .debug_aranges
                0x0000000000000000       0xf0 Drivers/STM32L4xx_HAL_Driver/Src/stm32l4xx_hal.o
 .debug_aranges
                0x00000000000000f0       0xa8 Drivers/STM32L4xx_HAL_Driver/Src/stm32l4xx_hal_cortex.o
 .debug_aranges
                0x0000000000000198       0x58 Drivers/STM32L4xx_HAL_Driver/Src/stm32l4xx_hal_gpio.o
 .debug_aranges
                0x00000000000001f0      0x108 Drivers/STM32L4xx_HAL_Driver/Src/stm32l4xx_hal_pwr_ex.o
 .debug_aranges
                0x00000000000002f8       0x88 Drivers/STM32L4xx_HAL_Driver/Src/stm32l4xx_hal_rcc.o
 .debug_aranges
                0x0000000000000380      0x1d8 Drivers/STM32L4xx_HAL_Driver/Src/stm32l4xx_hal_spi.o
 .debug_aranges
                0x0000000000000558       0xf0 Src/BMP280_driver-master/bmp280.o
 .debug_aranges
                0x0000000000000648       0x58 Src/BMP280_driver-master/bmp280_support.o
 .debug_aranges
                0x00000000000006a0       0x58 Src/bmp280_arm.o
 .debug_aranges
                0x00000000000006f8       0x40 Src/main.o
 .debug_aranges
                0x0000000000000738       0x30 Src/stm32l4xx_hal_msp.o
 .debug_aranges
                0x0000000000000768       0x60 Src/stm32l4xx_it.o
 .debug_aranges
                0x00000000000007c8       0x28 Src/system_stm32l4xx.o
 .debug_aranges
                0x00000000000007f0       0x28 startup/startup_stm32l432xx.o

.debug_ranges   0x0000000000000000      0x7b8
 .debug_ranges  0x0000000000000000       0xe0 Drivers/STM32L4xx_HAL_Driver/Src/stm32l4xx_hal.o
 .debug_ranges  0x00000000000000e0       0xf8 Drivers/STM32L4xx_HAL_Driver/Src/stm32l4xx_hal_cortex.o
 .debug_ranges  0x00000000000001d8       0x48 Drivers/STM32L4xx_HAL_Driver/Src/stm32l4xx_hal_gpio.o
 .debug_ranges  0x0000000000000220       0xf8 Drivers/STM32L4xx_HAL_Driver/Src/stm32l4xx_hal_pwr_ex.o
 .debug_ranges  0x0000000000000318       0x90 Drivers/STM32L4xx_HAL_Driver/Src/stm32l4xx_hal_rcc.o
 .debug_ranges  0x00000000000003a8      0x1c8 Drivers/STM32L4xx_HAL_Driver/Src/stm32l4xx_hal_spi.o
 .debug_ranges  0x0000000000000570       0xe0 Src/BMP280_driver-master/bmp280.o
 .debug_ranges  0x0000000000000650       0x48 Src/BMP280_driver-master/bmp280_support.o
 .debug_ranges  0x0000000000000698       0x48 Src/bmp280_arm.o
 .debug_ranges  0x00000000000006e0       0x30 Src/main.o
 .debug_ranges  0x0000000000000710       0x20 Src/stm32l4xx_hal_msp.o
 .debug_ranges  0x0000000000000730       0x50 Src/stm32l4xx_it.o
 .debug_ranges  0x0000000000000780       0x18 Src/system_stm32l4xx.o
 .debug_ranges  0x0000000000000798       0x20 startup/startup_stm32l432xx.o

.debug_macro    0x0000000000000000    0x1f030
 .debug_macro   0x0000000000000000      0x21f Drivers/STM32L4xx_HAL_Driver/Src/stm32l4xx_hal.o
 .debug_macro   0x000000000000021f      0xa60 Drivers/STM32L4xx_HAL_Driver/Src/stm32l4xx_hal.o
 .debug_macro   0x0000000000000c7f       0x10 Drivers/STM32L4xx_HAL_Driver/Src/stm32l4xx_hal.o
 .debug_macro   0x0000000000000c8f       0xae Drivers/STM32L4xx_HAL_Driver/Src/stm32l4xx_hal.o
 .debug_macro   0x0000000000000d3d       0x2e Drivers/STM32L4xx_HAL_Driver/Src/stm32l4xx_hal.o
 .debug_macro   0x0000000000000d6b       0x28 Drivers/STM32L4xx_HAL_Driver/Src/stm32l4xx_hal.o
 .debug_macro   0x0000000000000d93       0x22 Drivers/STM32L4xx_HAL_Driver/Src/stm32l4xx_hal.o
 .debug_macro   0x0000000000000db5       0x87 Drivers/STM32L4xx_HAL_Driver/Src/stm32l4xx_hal.o
 .debug_macro   0x0000000000000e3c       0x51 Drivers/STM32L4xx_HAL_Driver/Src/stm32l4xx_hal.o
 .debug_macro   0x0000000000000e8d       0xef Drivers/STM32L4xx_HAL_Driver/Src/stm32l4xx_hal.o
 .debug_macro   0x0000000000000f7c       0x6a Drivers/STM32L4xx_HAL_Driver/Src/stm32l4xx_hal.o
 .debug_macro   0x0000000000000fe6      0x1df Drivers/STM32L4xx_HAL_Driver/Src/stm32l4xx_hal.o
 .debug_macro   0x00000000000011c5       0x35 Drivers/STM32L4xx_HAL_Driver/Src/stm32l4xx_hal.o
 .debug_macro   0x00000000000011fa       0x50 Drivers/STM32L4xx_HAL_Driver/Src/stm32l4xx_hal.o
 .debug_macro   0x000000000000124a      0xe66 Drivers/STM32L4xx_HAL_Driver/Src/stm32l4xx_hal.o
 .debug_macro   0x00000000000020b0    0x14744 Drivers/STM32L4xx_HAL_Driver/Src/stm32l4xx_hal.o
 .debug_macro   0x00000000000167f4       0x43 Drivers/STM32L4xx_HAL_Driver/Src/stm32l4xx_hal.o
 .debug_macro   0x0000000000016837     0x3788 Drivers/STM32L4xx_HAL_Driver/Src/stm32l4xx_hal.o
 .debug_macro   0x0000000000019fbf      0x174 Drivers/STM32L4xx_HAL_Driver/Src/stm32l4xx_hal.o
 .debug_macro   0x000000000001a133       0x50 Drivers/STM32L4xx_HAL_Driver/Src/stm32l4xx_hal.o
 .debug_macro   0x000000000001a183     0x118b Drivers/STM32L4xx_HAL_Driver/Src/stm32l4xx_hal.o
 .debug_macro   0x000000000001b30e      0x535 Drivers/STM32L4xx_HAL_Driver/Src/stm32l4xx_hal.o
 .debug_macro   0x000000000001b843      0x148 Drivers/STM32L4xx_HAL_Driver/Src/stm32l4xx_hal.o
 .debug_macro   0x000000000001b98b      0x122 Drivers/STM32L4xx_HAL_Driver/Src/stm32l4xx_hal.o
 .debug_macro   0x000000000001baad      0x26b Drivers/STM32L4xx_HAL_Driver/Src/stm32l4xx_hal.o
 .debug_macro   0x000000000001bd18      0x23a Drivers/STM32L4xx_HAL_Driver/Src/stm32l4xx_hal.o
 .debug_macro   0x000000000001bf52      0x367 Drivers/STM32L4xx_HAL_Driver/Src/stm32l4xx_hal.o
 .debug_macro   0x000000000001c2b9       0xe4 Drivers/STM32L4xx_HAL_Driver/Src/stm32l4xx_hal.o
 .debug_macro   0x000000000001c39d      0x22c Drivers/STM32L4xx_HAL_Driver/Src/stm32l4xx_hal.o
 .debug_macro   0x000000000001c5c9       0x61 Drivers/STM32L4xx_HAL_Driver/Src/stm32l4xx_hal.o
 .debug_macro   0x000000000001c62a       0xa5 Drivers/STM32L4xx_HAL_Driver/Src/stm32l4xx_hal.o
 .debug_macro   0x000000000001c6cf      0x126 Drivers/STM32L4xx_HAL_Driver/Src/stm32l4xx_hal.o
 .debug_macro   0x000000000001c7f5      0x2d2 Drivers/STM32L4xx_HAL_Driver/Src/stm32l4xx_hal.o
 .debug_macro   0x000000000001cac7      0x2fe Drivers/STM32L4xx_HAL_Driver/Src/stm32l4xx_hal.o
 .debug_macro   0x000000000001cdc5      0x21a Drivers/STM32L4xx_HAL_Driver/Src/stm32l4xx_hal.o
 .debug_macro   0x000000000001cfdf      0x1d7 Drivers/STM32L4xx_HAL_Driver/Src/stm32l4xx_hal_cortex.o
 .debug_macro   0x000000000001d1b6      0x216 Drivers/STM32L4xx_HAL_Driver/Src/stm32l4xx_hal_gpio.o
 .debug_macro   0x000000000001d3cc      0x1fb Drivers/STM32L4xx_HAL_Driver/Src/stm32l4xx_hal_pwr_ex.o
 .debug_macro   0x000000000001d5c7      0x219 Drivers/STM32L4xx_HAL_Driver/Src/stm32l4xx_hal_rcc.o
 .debug_macro   0x000000000001d7e0      0x1df Drivers/STM32L4xx_HAL_Driver/Src/stm32l4xx_hal_spi.o
 .debug_macro   0x000000000001d9bf       0x72 Src/BMP280_driver-master/bmp280.o
 .debug_macro   0x000000000001da31      0x5f2 Src/BMP280_driver-master/bmp280.o
 .debug_macro   0x000000000001e023       0xa9 Src/BMP280_driver-master/bmp280_support.o
 .debug_macro   0x000000000001e0cc      0x1f2 Src/bmp280_arm.o
 .debug_macro   0x000000000001e2be      0x5f8 Src/bmp280_arm.o
 .debug_macro   0x000000000001e8b6      0x1e4 Src/main.o
 .debug_macro   0x000000000001ea9a      0x1d7 Src/stm32l4xx_hal_msp.o
 .debug_macro   0x000000000001ec71      0x1e1 Src/stm32l4xx_it.o
 .debug_macro   0x000000000001ee52      0x1de Src/system_stm32l4xx.o

.debug_line     0x0000000000000000     0x6ed5
 .debug_line    0x0000000000000000      0x8ac Drivers/STM32L4xx_HAL_Driver/Src/stm32l4xx_hal.o
 .debug_line    0x00000000000008ac      0x8e2 Drivers/STM32L4xx_HAL_Driver/Src/stm32l4xx_hal_cortex.o
 .debug_line    0x000000000000118e      0x7fc Drivers/STM32L4xx_HAL_Driver/Src/stm32l4xx_hal_gpio.o
 .debug_line    0x000000000000198a      0xa10 Drivers/STM32L4xx_HAL_Driver/Src/stm32l4xx_hal_pwr_ex.o
 .debug_line    0x000000000000239a      0xa2e Drivers/STM32L4xx_HAL_Driver/Src/stm32l4xx_hal_rcc.o
 .debug_line    0x0000000000002dc8     0x11e4 Drivers/STM32L4xx_HAL_Driver/Src/stm32l4xx_hal_spi.o
 .debug_line    0x0000000000003fac      0x681 Src/BMP280_driver-master/bmp280.o
 .debug_line    0x000000000000462d      0x433 Src/BMP280_driver-master/bmp280_support.o
 .debug_line    0x0000000000004a60      0x7b1 Src/bmp280_arm.o
 .debug_line    0x0000000000005211      0x748 Src/main.o
 .debug_line    0x0000000000005959      0x6e1 Src/stm32l4xx_hal_msp.o
 .debug_line    0x000000000000603a      0x735 Src/stm32l4xx_it.o
 .debug_line    0x000000000000676f      0x6e7 Src/system_stm32l4xx.o
 .debug_line    0x0000000000006e56       0x7f startup/startup_stm32l432xx.o

.debug_str      0x0000000000000000    0xb7b78
 .debug_str     0x0000000000000000    0xb35f3 Drivers/STM32L4xx_HAL_Driver/Src/stm32l4xx_hal.o
                                      0xb39b5 (size before relaxing)
 .debug_str     0x00000000000b35f3      0x3a7 Drivers/STM32L4xx_HAL_Driver/Src/stm32l4xx_hal_cortex.o
                                      0xb37fe (size before relaxing)
 .debug_str     0x00000000000b399a      0x2bc Drivers/STM32L4xx_HAL_Driver/Src/stm32l4xx_hal_gpio.o
                                      0xb334e (size before relaxing)
 .debug_str     0x00000000000b3c56      0x411 Drivers/STM32L4xx_HAL_Driver/Src/stm32l4xx_hal_pwr_ex.o
                                      0xb352e (size before relaxing)
 .debug_str     0x00000000000b4067      0x502 Drivers/STM32L4xx_HAL_Driver/Src/stm32l4xx_hal_rcc.o
                                      0xb3686 (size before relaxing)
 .debug_str     0x00000000000b4569      0x93c Drivers/STM32L4xx_HAL_Driver/Src/stm32l4xx_hal_spi.o
                                      0xb38d6 (size before relaxing)
 .debug_str     0x00000000000b4ea5     0x2749 Src/BMP280_driver-master/bmp280.o
                                       0x63f2 (size before relaxing)
 .debug_str     0x00000000000b75ee      0x32d Src/BMP280_driver-master/bmp280_support.o
                                       0x642b (size before relaxing)
 .debug_str     0x00000000000b791b       0xa8 Src/bmp280_arm.o
                                      0xb5a99 (size before relaxing)
 .debug_str     0x00000000000b79c3       0x62 Src/main.o
                                      0xb5d8f (size before relaxing)
 .debug_str     0x00000000000b7a25       0x1b Src/stm32l4xx_hal_msp.o
                                      0xb38b5 (size before relaxing)
 .debug_str     0x00000000000b7a40       0xb8 Src/stm32l4xx_it.o
                                      0xb2f90 (size before relaxing)
 .debug_str     0x00000000000b7af8       0x50 Src/system_stm32l4xx.o
                                      0xb30cf (size before relaxing)
 .debug_str     0x00000000000b7b48       0x30 startup/startup_stm32l432xx.o
                                         0x50 (size before relaxing)

.comment        0x0000000000000000       0x7e
 .comment       0x0000000000000000       0x7e Drivers/STM32L4xx_HAL_Driver/Src/stm32l4xx_hal.o
                                         0x7f (size before relaxing)
 .comment       0x000000000000007e       0x7f Drivers/STM32L4xx_HAL_Driver/Src/stm32l4xx_hal_cortex.o
 .comment       0x000000000000007e       0x7f Drivers/STM32L4xx_HAL_Driver/Src/stm32l4xx_hal_gpio.o
 .comment       0x000000000000007e       0x7f Drivers/STM32L4xx_HAL_Driver/Src/stm32l4xx_hal_pwr_ex.o
 .comment       0x000000000000007e       0x7f Drivers/STM32L4xx_HAL_Driver/Src/stm32l4xx_hal_rcc.o
 .comment       0x000000000000007e       0x7f Drivers/STM32L4xx_HAL_Driver/Src/stm32l4xx_hal_spi.o
 .comment       0x000000000000007e       0x7f Src/BMP280_driver-master/bmp280.o
 .comment       0x000000000000007e       0x7f Src/BMP280_driver-master/bmp280_support.o
 .comment       0x000000000000007e       0x7f Src/bmp280_arm.o
 .comment       0x000000000000007e       0x7f Src/main.o
 .comment       0x000000000000007e       0x7f Src/stm32l4xx_hal_msp.o
 .comment       0x000000000000007e       0x7f Src/stm32l4xx_it.o
 .comment       0x000000000000007e       0x7f Src/system_stm32l4xx.o

.debug_frame    0x0000000000000000     0x14f0
 .debug_frame   0x0000000000000000      0x1e4 Drivers/STM32L4xx_HAL_Driver/Src/stm32l4xx_hal.o
 .debug_frame   0x00000000000001e4      0x15c Drivers/STM32L4xx_HAL_Driver/Src/stm32l4xx_hal_cortex.o
 .debug_frame   0x0000000000000340       0xd8 Drivers/STM32L4xx_HAL_Driver/Src/stm32l4xx_hal_gpio.o
 .debug_frame   0x0000000000000418      0x1f8 Drivers/STM32L4xx_HAL_Driver/Src/stm32l4xx_hal_pwr_ex.o
 .debug_frame   0x0000000000000610      0x18c Drivers/STM32L4xx_HAL_Driver/Src/stm32l4xx_hal_rcc.o
 .debug_frame   0x000000000000079c      0x5b8 Drivers/STM32L4xx_HAL_Driver/Src/stm32l4xx_hal_spi.o
 .debug_frame   0x0000000000000d54      0x3d4 Src/BMP280_driver-master/bmp280.o
 .debug_frame   0x0000000000001128       0xec Src/BMP280_driver-master/bmp280_support.o
 .debug_frame   0x0000000000001214       0xec Src/bmp280_arm.o
 .debug_frame   0x0000000000001300       0x8c Src/main.o
 .debug_frame   0x000000000000138c       0x60 Src/stm32l4xx_hal_msp.o
 .debug_frame   0x00000000000013ec       0xa8 Src/stm32l4xx_it.o
 .debug_frame   0x0000000000001494       0x30 Src/system_stm32l4xx.o
 .debug_frame   0x00000000000014c4       0x2c /home/kbisland/Ac6/SystemWorkbench/plugins/fr.ac6.mcu.externaltools.arm-none.linux64_1.16.0.201807130628/tools/compiler/bin/../lib/gcc/arm-none-eabi/7.2.1/../../../../arm-none-eabi/lib/thumb/v7e-m/fpv4-sp/hard/libc_nano.a(lib_a-init.o)
